2025-12-21 21:50:11 ERROR [JavaFX Application Thread] com.weatherapp.MainApp - Failed to start application
java.lang.NullPointerException: Input stream must not be null
	at javafx.graphics@21.0.3/javafx.scene.image.Image.validateInputStream(Image.java:1140)
	at javafx.graphics@21.0.3/javafx.scene.image.Image.<init>(Image.java:707)
	at com.weatherapp@1.0-SNAPSHOT/com.weatherapp.MainApp.start(MainApp.java:51)
	at javafx.graphics@21.0.3/com.sun.javafx.application.LauncherImpl.lambda$launchApplication1$9(LauncherImpl.java:839)
	at javafx.graphics@21.0.3/com.sun.javafx.application.PlatformImpl.lambda$runAndWait$12(PlatformImpl.java:483)
	at javafx.graphics@21.0.3/com.sun.javafx.application.PlatformImpl.lambda$runLater$10(PlatformImpl.java:456)
	at java.base/java.security.AccessController.doPrivileged(AccessController.java:138)
	at javafx.graphics@21.0.3/com.sun.javafx.application.PlatformImpl.lambda$runLater$11(PlatformImpl.java:455)
	at javafx.graphics@21.0.3/com.sun.glass.ui.InvokeLaterDispatcher$Future.run(InvokeLaterDispatcher.java:95)
	at javafx.graphics@21.0.3/com.sun.glass.ui.win.WinApplication._runLoop(Native Method)
2025-12-21 22:03:34 ERROR [JavaFX Application Thread] com.weatherapp.MainApp - Failed to start application
java.lang.NullPointerException: Input stream must not be null
	at javafx.graphics@21.0.3/javafx.scene.image.Image.validateInputStream(Image.java:1140)
	at javafx.graphics@21.0.3/javafx.scene.image.Image.<init>(Image.java:707)
	at com.weatherapp@1.0-SNAPSHOT/com.weatherapp.MainApp.start(MainApp.java:51)
	at javafx.graphics@21.0.3/com.sun.javafx.application.LauncherImpl.lambda$launchApplication1$9(LauncherImpl.java:839)
	at javafx.graphics@21.0.3/com.sun.javafx.application.PlatformImpl.lambda$runAndWait$12(PlatformImpl.java:483)
	at javafx.graphics@21.0.3/com.sun.javafx.application.PlatformImpl.lambda$runLater$10(PlatformImpl.java:456)
	at java.base/java.security.AccessController.doPrivileged(AccessController.java:138)
	at javafx.graphics@21.0.3/com.sun.javafx.application.PlatformImpl.lambda$runLater$11(PlatformImpl.java:455)
	at javafx.graphics@21.0.3/com.sun.glass.ui.InvokeLaterDispatcher$Future.run(InvokeLaterDispatcher.java:95)
	at javafx.graphics@21.0.3/com.sun.glass.ui.win.WinApplication._runLoop(Native Method)
2025-12-21 22:53:01 ERROR [JavaFX Application Thread] com.weatherapp.MainApp - Failed to start application
java.lang.NullPointerException: Input stream must not be null
	at javafx.graphics@21.0.3/javafx.scene.image.Image.validateInputStream(Image.java:1140)
	at javafx.graphics@21.0.3/javafx.scene.image.Image.<init>(Image.java:707)
	at com.weatherapp@1.0-SNAPSHOT/com.weatherapp.MainApp.start(MainApp.java:52)
	at javafx.graphics@21.0.3/com.sun.javafx.application.LauncherImpl.lambda$launchApplication1$9(LauncherImpl.java:839)
	at javafx.graphics@21.0.3/com.sun.javafx.application.PlatformImpl.lambda$runAndWait$12(PlatformImpl.java:483)
	at javafx.graphics@21.0.3/com.sun.javafx.application.PlatformImpl.lambda$runLater$10(PlatformImpl.java:456)
	at java.base/java.security.AccessController.doPrivileged(AccessController.java:138)
	at javafx.graphics@21.0.3/com.sun.javafx.application.PlatformImpl.lambda$runLater$11(PlatformImpl.java:455)
	at javafx.graphics@21.0.3/com.sun.glass.ui.InvokeLaterDispatcher$Future.run(InvokeLaterDispatcher.java:95)
	at javafx.graphics@21.0.3/com.sun.glass.ui.win.WinApplication._runLoop(Native Method)
2025-12-22 07:37:41 ERROR [JavaFX Application Thread] com.weatherapp.MainApp - Error loading app
javafx.fxml.LoadException: 
/C:/Users/htneveStranger/IdeaProjects/Wether/target/classes/fxml/main.fxml:64

	at javafx.fxml@21.0.3/javafx.fxml.FXMLLoader.constructLoadException(FXMLLoader.java:2722)
	at javafx.fxml@21.0.3/javafx.fxml.FXMLLoader.loadImpl(FXMLLoader.java:2700)
	at javafx.fxml@21.0.3/javafx.fxml.FXMLLoader.loadImpl(FXMLLoader.java:2563)
	at javafx.fxml@21.0.3/javafx.fxml.FXMLLoader.load(FXMLLoader.java:2531)
	at com.weatherapp@1.0-SNAPSHOT/com.weatherapp.MainApp.start(MainApp.java:21)
	at javafx.graphics@21.0.3/com.sun.javafx.application.LauncherImpl.lambda$launchApplication1$9(LauncherImpl.java:839)
	at javafx.graphics@21.0.3/com.sun.javafx.application.PlatformImpl.lambda$runAndWait$12(PlatformImpl.java:483)
	at javafx.graphics@21.0.3/com.sun.javafx.application.PlatformImpl.lambda$runLater$10(PlatformImpl.java:456)
	at java.base/java.security.AccessController.doPrivileged(AccessController.java:138)
	at javafx.graphics@21.0.3/com.sun.javafx.application.PlatformImpl.lambda$runLater$11(PlatformImpl.java:455)
Caused by: java.lang.IllegalArgumentException: Can not set javafx.scene.layout.HBox field com.weatherapp.controller.MainController.forecastContainer to javafx.scene.layout.VBox
	at java.base/jdk.internal.reflect.FieldAccessorImpl.throwSetIllegalArgumentException(FieldAccessorImpl.java:223)
	at java.base/jdk.internal.reflect.FieldAccessorImpl.throwSetIllegalArgumentException(FieldAccessorImpl.java:227)
	at java.base/jdk.internal.reflect.MethodHandleObjectFieldAccessorImpl.set(MethodHandleObjectFieldAccessorImpl.java:115)
	at java.base/java.lang.reflect.Field.set(Field.java:832)
	at javafx.fxml@21.0.3/javafx.fxml.FXMLLoader.injectFields(FXMLLoader.java:1175)
	at javafx.fxml@21.0.3/javafx.fxml.FXMLLoader$ValueElement.processValue(FXMLLoader.java:870)
	at javafx.fxml@21.0.3/javafx.fxml.FXMLLoader$ValueElement.processStartElement(FXMLLoader.java:764)
	at javafx.fxml@21.0.3/javafx.fxml.FXMLLoader.processStartElement(FXMLLoader.java:2853)
	at javafx.fxml@21.0.3/javafx.fxml.FXMLLoader.loadImpl(FXMLLoader.java:2649)
	at javafx.fxml@21.0.3/javafx.fxml.FXMLLoader.loadImpl(FXMLLoader.java:2563)
2025-12-22 07:48:21 ERROR [JavaFX Application Thread] com.weatherapp.MainApp - Error loading app
javafx.fxml.LoadException: 
/C:/Users/htneveStranger/IdeaProjects/Wether/target/classes/fxml/main.fxml

	at javafx.fxml@21.0.3/javafx.fxml.FXMLLoader.constructLoadException(FXMLLoader.java:2722)
	at javafx.fxml@21.0.3/javafx.fxml.FXMLLoader.loadImpl(FXMLLoader.java:2665)
	at javafx.fxml@21.0.3/javafx.fxml.FXMLLoader.loadImpl(FXMLLoader.java:2563)
	at javafx.fxml@21.0.3/javafx.fxml.FXMLLoader.load(FXMLLoader.java:2531)
	at com.weatherapp@1.0-SNAPSHOT/com.weatherapp.MainApp.start(MainApp.java:21)
	at javafx.graphics@21.0.3/com.sun.javafx.application.LauncherImpl.lambda$launchApplication1$9(LauncherImpl.java:839)
	at javafx.graphics@21.0.3/com.sun.javafx.application.PlatformImpl.lambda$runAndWait$12(PlatformImpl.java:483)
	at javafx.graphics@21.0.3/com.sun.javafx.application.PlatformImpl.lambda$runLater$10(PlatformImpl.java:456)
	at java.base/java.security.AccessController.doPrivileged(AccessController.java:138)
	at javafx.graphics@21.0.3/com.sun.javafx.application.PlatformImpl.lambda$runLater$11(PlatformImpl.java:455)
Caused by: javax.xml.stream.XMLStreamException: ParseError at [row,col]:[76,6]
Message: The processing instruction target matching "[xX][mM][lL]" is not allowed.
	at java.xml/com.sun.org.apache.xerces.internal.impl.XMLStreamReaderImpl.next(XMLStreamReaderImpl.java:652)
	at java.xml/javax.xml.stream.util.StreamReaderDelegate.next(StreamReaderDelegate.java:84)
	at javafx.fxml@21.0.3/javafx.fxml.FXMLLoader.loadImpl(FXMLLoader.java:2635)
	at javafx.fxml@21.0.3/javafx.fxml.FXMLLoader.loadImpl(FXMLLoader.java:2563)
	at javafx.fxml@21.0.3/javafx.fxml.FXMLLoader.load(FXMLLoader.java:2531)
	at com.weatherapp@1.0-SNAPSHOT/com.weatherapp.MainApp.start(MainApp.java:21)
	at javafx.graphics@21.0.3/com.sun.javafx.application.LauncherImpl.lambda$launchApplication1$9(LauncherImpl.java:839)
	at javafx.graphics@21.0.3/com.sun.javafx.application.PlatformImpl.lambda$runAndWait$12(PlatformImpl.java:483)
	at javafx.graphics@21.0.3/com.sun.javafx.application.PlatformImpl.lambda$runLater$10(PlatformImpl.java:456)
	at java.base/java.security.AccessController.doPrivileged(AccessController.java:138)
2025-12-22 07:50:19 ERROR [JavaFX Application Thread] com.weatherapp.MainApp - Error loading app
javafx.fxml.LoadException: 
/C:/Users/htneveStranger/IdeaProjects/Wether/target/classes/fxml/main.fxml:67

	at javafx.fxml@21.0.3/javafx.fxml.FXMLLoader.constructLoadException(FXMLLoader.java:2722)
	at javafx.fxml@21.0.3/javafx.fxml.FXMLLoader.loadImpl(FXMLLoader.java:2700)
	at javafx.fxml@21.0.3/javafx.fxml.FXMLLoader.loadImpl(FXMLLoader.java:2563)
	at javafx.fxml@21.0.3/javafx.fxml.FXMLLoader.load(FXMLLoader.java:2531)
	at com.weatherapp@1.0-SNAPSHOT/com.weatherapp.MainApp.start(MainApp.java:21)
	at javafx.graphics@21.0.3/com.sun.javafx.application.LauncherImpl.lambda$launchApplication1$9(LauncherImpl.java:839)
	at javafx.graphics@21.0.3/com.sun.javafx.application.PlatformImpl.lambda$runAndWait$12(PlatformImpl.java:483)
	at javafx.graphics@21.0.3/com.sun.javafx.application.PlatformImpl.lambda$runLater$10(PlatformImpl.java:456)
	at java.base/java.security.AccessController.doPrivileged(AccessController.java:138)
	at javafx.graphics@21.0.3/com.sun.javafx.application.PlatformImpl.lambda$runLater$11(PlatformImpl.java:455)
Caused by: java.lang.IllegalArgumentException: Can not set javafx.scene.layout.HBox field com.weatherapp.controller.MainController.forecastContainer to javafx.scene.layout.VBox
	at java.base/jdk.internal.reflect.FieldAccessorImpl.throwSetIllegalArgumentException(FieldAccessorImpl.java:223)
	at java.base/jdk.internal.reflect.FieldAccessorImpl.throwSetIllegalArgumentException(FieldAccessorImpl.java:227)
	at java.base/jdk.internal.reflect.MethodHandleObjectFieldAccessorImpl.set(MethodHandleObjectFieldAccessorImpl.java:115)
	at java.base/java.lang.reflect.Field.set(Field.java:832)
	at javafx.fxml@21.0.3/javafx.fxml.FXMLLoader.injectFields(FXMLLoader.java:1175)
	at javafx.fxml@21.0.3/javafx.fxml.FXMLLoader$ValueElement.processValue(FXMLLoader.java:870)
	at javafx.fxml@21.0.3/javafx.fxml.FXMLLoader$ValueElement.processStartElement(FXMLLoader.java:764)
	at javafx.fxml@21.0.3/javafx.fxml.FXMLLoader.processStartElement(FXMLLoader.java:2853)
	at javafx.fxml@21.0.3/javafx.fxml.FXMLLoader.loadImpl(FXMLLoader.java:2649)
	at javafx.fxml@21.0.3/javafx.fxml.FXMLLoader.loadImpl(FXMLLoader.java:2563)
